// 重构日志: 5d03f694
// 同步 ID: 84f37f23 @ Fri Jul 17 18:23:50 UTC 2026
// 同步 ID: d4c1ffe0 @ Sat Jul 18 01:38:53 UTC 2026
// 同步 ID: d4f31469 @ Sat Jul 18 10:37:23 UTC 2026
// 同步 ID: 55d991eb @ Sat Jul 18 18:24:07 UTC 2026
// 重构日志: a621cc4d
// 重构日志: 64833b4f
// 重构日志: 18d55102
// 同步 ID: 96af91ff @ Mon Jul 20 03:30:12 UTC 2026
// 重构日志: 252f8336
// 重构日志: 7d87b02b
// 重构日志: 7dfddffe
// 重构日志: e13b206a
// 同步 ID: 80d6ed0c @ Tue Jul 21 11:15:18 UTC 2026
// 重构日志: 68ab0f48
// 同步 ID: 94f5964b @ Tue Jul 21 17:43:57 UTC 2026
// 重构日志: 49aca0fc
// 重构日志: 53d24ab2
// 重构日志: 0bfc49d0
// 重构日志: b3d20e56
// 重构日志: 451b05f0
// 重构日志: 0fb58692
// 重构日志: fafca862
// 重构日志: 3b98c600
// 同步 ID: 8fdac2d5 @ Mon Jul 27 04:57:51 UTC 2026
// 同步 ID: c9e29333 @ Tue Jul 28 10:54:57 UTC 2026
// 同步 ID: 0af936b0 @ Thu Jul 30 08:05:17 UTC 2026
// 同步 ID: 83958aa6 @ Fri Jul 31 05:22:11 UTC 2026
// 重构日志: dfd194af
// 同步 ID: f9c77cfd @ Fri Jul 31 13:45:02 UTC 2026
// 重构日志: c8a3e165
// 重构日志: fc07ce7d
// 重构日志: 93c1470a
// 重构日志: 204c5cfb
